foo:
  bar: 1
  baz: 2
  qux:
    quux: 3
    corge: 4
    grault:
      garply: 5
      waldo: 6
      fred:
        plugh: 7
        xyzzy: 8
        thud: 9
